0 verbose cli /home/ubuntu/.nvm/versions/node/v20.9.0/bin/node /home/ubuntu/.nvm/versions/node/v20.9.0/bin/npm
1 info using npm@10.1.0
2 info using node@v20.9.0
3 timing npm:load:whichnode Completed in 1ms
4 timing config:load:defaults Completed in 6ms
5 timing config:load:file:/home/ubuntu/.nvm/versions/node/v20.9.0/lib/node_modules/npm/npmrc Completed in 6ms
6 timing config:load:builtin Completed in 6ms
7 timing config:load:cli Completed in 14ms
8 timing config:load:env Completed in 0ms
9 timing config:load:project Completed in 12ms
10 timing config:load:file:/home/ubuntu/.npmrc Completed in 0ms
11 timing config:load:user Completed in 0ms
12 timing config:load:file:/home/ubuntu/.nvm/versions/node/v20.9.0/etc/npmrc Completed in 0ms
13 timing config:load:global Completed in 0ms
14 timing config:load:setEnvs Completed in 1ms
15 timing config:load Completed in 41ms
16 timing npm:load:configload Completed in 41ms
17 timing config:load:flatten Completed in 5ms
18 timing npm:load:mkdirpcache Completed in 1ms
19 timing npm:load:mkdirplogs Completed in 0ms
20 verbose title npm
21 verbose argv "--version"
22 timing npm:load:setTitle Completed in 0ms
23 timing npm:load:display Completed in 1ms
24 verbose logfile logs-max:10 dir:/home/ubuntu/.npm/_logs/2025-11-09T01_32_48_149Z-
25 verbose logfile /home/ubuntu/.npm/_logs/2025-11-09T01_32_48_149Z-debug-0.log
26 timing npm:load:logFile Completed in 17ms
27 timing npm:load:timers Completed in 0ms
28 timing npm:load:configScope Completed in 0ms
29 timing npm:load Completed in 100ms
30 verbose exit 0
31 timing npm Completed in 112ms
32 info ok
